
=== Seed Backup: 2025-12-08 14:35:35 ===
alice: seed=96553e27d35cc73bcba65647abbf31d8fdbd885d160c42aebfeb72bbc991a4a5cffd4f82a81e4c7870cb266db57dc5cec6b8fb66d32caee20615c465ddc4884f address=tb1qredvwz4e6zrnrcg6w3gv3dzawg2hzmx8ckn2qr balance=0sat
bob: seed=33fd1bbae9f5a1b293c0e9d13d86da19e79510fb2f22f6d249c8104d5c3979f4258018fdf0ee1f297c1f377a8f46f37f355bd331723f601cf4ebf6a9661ce797 address=tb1q9mp3r5lp2eutwecf7f6ffgzvx702amtsqtyae4 balance=0sat
charlie: seed=196eb62d0a8d86f42112a821ee07693b833046b0255b7950fd105833907e4fb3f4b39d88067b9e36c16c35fe655b07a1ea54c1bb3c7b6b2a34fc8bd633506297 address=tb1q3mk6uju7drw5u8s8dh5wknxyfk5ppk00rm2jac balance=0sat

=== Seed Backup: 2025-12-12 14:14:01 ===
alice: seed=96553e27d35cc73bcba65647abbf31d8fdbd885d160c42aebfeb72bbc991a4a5cffd4f82a81e4c7870cb266db57dc5cec6b8fb66d32caee20615c465ddc4884f address=tb1qyfl453kdym390fvg8nl2auhqxf6k0mwx0jtky3 balance=0sat
bob: seed=33fd1bbae9f5a1b293c0e9d13d86da19e79510fb2f22f6d249c8104d5c3979f4258018fdf0ee1f297c1f377a8f46f37f355bd331723f601cf4ebf6a9661ce797 address=tb1qh9mjvkekvavey7w920dxc52ly9jlarsjkrfh0t balance=0sat
charlie: seed=196eb62d0a8d86f42112a821ee07693b833046b0255b7950fd105833907e4fb3f4b39d88067b9e36c16c35fe655b07a1ea54c1bb3c7b6b2a34fc8bd633506297 address=tb1qvxhz8xh9c57rqu5dl8lcsnagthw7ufaxd540ak balance=0sat

=== Seed Backup: 2025-12-13 00:22:58 ===
alice: seed=96553e27d35cc73bcba65647abbf31d8fdbd885d160c42aebfeb72bbc991a4a5cffd4f82a81e4c7870cb266db57dc5cec6b8fb66d32caee20615c465ddc4884f address=tb1qzxnjn8y7tejqkwcfh3m7fvndl8xmg2m4nlal6a balance=9674sat
bob: seed=33fd1bbae9f5a1b293c0e9d13d86da19e79510fb2f22f6d249c8104d5c3979f4258018fdf0ee1f297c1f377a8f46f37f355bd331723f601cf4ebf6a9661ce797 address=tb1qecg4gphgkpulguyamhk3pnw24s0cfqm3e2xg0k balance=14837sat
charlie: seed=196eb62d0a8d86f42112a821ee07693b833046b0255b7950fd105833907e4fb3f4b39d88067b9e36c16c35fe655b07a1ea54c1bb3c7b6b2a34fc8bd633506297 address=tb1q2gy4gjzm98j4n0nqswe0yd9rjeckkjpffgaplf balance=20000sat

=== Seed Backup: 2025-12-13 00:40:03 ===
alice: seed=96553e27d35cc73bcba65647abbf31d8fdbd885d160c42aebfeb72bbc991a4a5cffd4f82a81e4c7870cb266db57dc5cec6b8fb66d32caee20615c465ddc4884f address=tb1qecfqadr4xyhvt0uztxvd749jv4zlj6wn9ayhft balance=9674sat
bob: seed=33fd1bbae9f5a1b293c0e9d13d86da19e79510fb2f22f6d249c8104d5c3979f4258018fdf0ee1f297c1f377a8f46f37f355bd331723f601cf4ebf6a9661ce797 address=tb1quzmtzvwh9rdxara5pmtu2h7myxz37390qv8fnr balance=14837sat
charlie: seed=196eb62d0a8d86f42112a821ee07693b833046b0255b7950fd105833907e4fb3f4b39d88067b9e36c16c35fe655b07a1ea54c1bb3c7b6b2a34fc8bd633506297 address=tb1qazqhtenuw3f05en37rgcrf4nxe6xngkwpjqf2n balance=20000sat

=== Seed Backup: 2025-12-13 01:15:49 ===
alice: seed=96553e27d35cc73bcba65647abbf31d8fdbd885d160c42aebfeb72bbc991a4a5cffd4f82a81e4c7870cb266db57dc5cec6b8fb66d32caee20615c465ddc4884f address=tb1q894uv2d4m2hs0yg7snqqfk9ts0kfxmfhlf9tj0 balance=9674sat
bob: seed=33fd1bbae9f5a1b293c0e9d13d86da19e79510fb2f22f6d249c8104d5c3979f4258018fdf0ee1f297c1f377a8f46f37f355bd331723f601cf4ebf6a9661ce797 address=tb1qwmava9wd37hq7qq34ad6tmjggnf7d24wks0epe balance=14837sat
charlie: seed=196eb62d0a8d86f42112a821ee07693b833046b0255b7950fd105833907e4fb3f4b39d88067b9e36c16c35fe655b07a1ea54c1bb3c7b6b2a34fc8bd633506297 address=tb1qnrf29602vqjnqrhpn3fg2nw8yagealan2e3uau balance=20000sat

=== Seed Backup: 2025-12-13 01:23:33 ===
alice: seed=96553e27d35cc73bcba65647abbf31d8fdbd885d160c42aebfeb72bbc991a4a5cffd4f82a81e4c7870cb266db57dc5cec6b8fb66d32caee20615c465ddc4884f address=tb1qrjh6589wjhck784vyt2mn6sw72rhz5zyehpny2 balance=9674sat
bob: seed=33fd1bbae9f5a1b293c0e9d13d86da19e79510fb2f22f6d249c8104d5c3979f4258018fdf0ee1f297c1f377a8f46f37f355bd331723f601cf4ebf6a9661ce797 address=tb1qvlg3ps590l75hrf0p20npl2racxd6dge6ceqjp balance=14837sat
charlie: seed=196eb62d0a8d86f42112a821ee07693b833046b0255b7950fd105833907e4fb3f4b39d88067b9e36c16c35fe655b07a1ea54c1bb3c7b6b2a34fc8bd633506297 address=tb1qzkzlqwags07h9pzwyrc2ajv4yx2qmt5caszc8f balance=20000sat

=== Seed Backup: 2025-12-13 02:00:44 ===
alice: seed=96553e27d35cc73bcba65647abbf31d8fdbd885d160c42aebfeb72bbc991a4a5cffd4f82a81e4c7870cb266db57dc5cec6b8fb66d32caee20615c465ddc4884f address=tb1qthg9cn32c0fkn8mtut44mrlxxqafpfgr5ehzra balance=9674sat
bob: seed=33fd1bbae9f5a1b293c0e9d13d86da19e79510fb2f22f6d249c8104d5c3979f4258018fdf0ee1f297c1f377a8f46f37f355bd331723f601cf4ebf6a9661ce797 address=tb1qavqagwayu7spkts6dlmvuupu0dwg2egnv4tqrd balance=14837sat
charlie: seed=196eb62d0a8d86f42112a821ee07693b833046b0255b7950fd105833907e4fb3f4b39d88067b9e36c16c35fe655b07a1ea54c1bb3c7b6b2a34fc8bd633506297 address=tb1qe89d9yunmd6fp99kagu64fggpsf9nkkk0yawyx balance=20000sat

=== Seed Backup: 2025-12-13 02:20:51 ===
alice: seed=96553e27d35cc73bcba65647abbf31d8fdbd885d160c42aebfeb72bbc991a4a5cffd4f82a81e4c7870cb266db57dc5cec6b8fb66d32caee20615c465ddc4884f address=tb1q5fla2msxk0rpa0h9vuq4mf3df6d23u23nj57ds balance=9674sat
bob: seed=33fd1bbae9f5a1b293c0e9d13d86da19e79510fb2f22f6d249c8104d5c3979f4258018fdf0ee1f297c1f377a8f46f37f355bd331723f601cf4ebf6a9661ce797 address=tb1q5fv9lfhyf0jsvz75wymu2u5lt73qkca9eey9yx balance=14837sat
charlie: seed=196eb62d0a8d86f42112a821ee07693b833046b0255b7950fd105833907e4fb3f4b39d88067b9e36c16c35fe655b07a1ea54c1bb3c7b6b2a34fc8bd633506297 address=tb1qweqf2can6aw3578ynus8jzztllawayhj9786xz balance=20000sat

=== Seed Backup: 2025-12-13 02:39:56 ===
alice: seed=96553e27d35cc73bcba65647abbf31d8fdbd885d160c42aebfeb72bbc991a4a5cffd4f82a81e4c7870cb266db57dc5cec6b8fb66d32caee20615c465ddc4884f address=tb1q2a5hxac8kp8e40swmerp959pjzl9e99wtvfy5m balance=9674sat
bob: seed=33fd1bbae9f5a1b293c0e9d13d86da19e79510fb2f22f6d249c8104d5c3979f4258018fdf0ee1f297c1f377a8f46f37f355bd331723f601cf4ebf6a9661ce797 address=tb1qkt7nhq36068c25perf69axxr6svre3er2lk4t3 balance=14837sat
charlie: seed=196eb62d0a8d86f42112a821ee07693b833046b0255b7950fd105833907e4fb3f4b39d88067b9e36c16c35fe655b07a1ea54c1bb3c7b6b2a34fc8bd633506297 address=tb1qpy0lqmyppvhnkc6z3quvzthtzt8wwp29gjjzyw balance=20000sat

=== Seed Backup: 2025-12-13 08:28:51 ===
alice: seed=0e5b52470d9610f60bbddc0fc25a1cfa974cfb366cf1a973a82fc5d7cf462efe2751b8aec90c912801dd9876293baec267047b05fd741e80da36c56abce54cbf address=tb1qaa89flulush0klu7mqrarxp02790lwh0rwpzfy balance=0sat
bob: seed=1eadbabea6d46362eb23638b72a4c43c359f12f89b40a0b0adba1f3fe1c2a2e2ef8bd8e59585e5a7a94e3a7fb98b107dbd2df722d2a7b17df68cc9c55fc2b32b address=tb1q0n2pll047ge5tv8sh5c9nyn6ryt9qa2a502gvg balance=0sat
charlie: seed=17157734758bd785f215cb44669d9c2924fc546da72a4257b3a269f279264c82dad46a8efaae82e00c65f079cc836262230b0963cab0490ba9e18848678dae78 address=tb1q7nv4etpacxy3859prd4cp69p50cqx3ty69fz2a balance=0sat

=== Seed Backup: 2025-12-13 08:48:08 ===
alice: seed=0e5b52470d9610f60bbddc0fc25a1cfa974cfb366cf1a973a82fc5d7cf462efe2751b8aec90c912801dd9876293baec267047b05fd741e80da36c56abce54cbf address=tb1qukss88fqa0y73tvde90y7p87gxzs98wxjln90g balance=0sat
bob: seed=1eadbabea6d46362eb23638b72a4c43c359f12f89b40a0b0adba1f3fe1c2a2e2ef8bd8e59585e5a7a94e3a7fb98b107dbd2df722d2a7b17df68cc9c55fc2b32b address=tb1q726tgnpw4kvl6nvuycga9geah5u6s4zj9tget9 balance=0sat
charlie: seed=17157734758bd785f215cb44669d9c2924fc546da72a4257b3a269f279264c82dad46a8efaae82e00c65f079cc836262230b0963cab0490ba9e18848678dae78 address=tb1q4dz80pk82d5v9qpq5mh5m50z7vxzzmchehf66c balance=0sat

=== Seed Backup: 2025-12-13 08:52:14 ===
alice: seed=0e5b52470d9610f60bbddc0fc25a1cfa974cfb366cf1a973a82fc5d7cf462efe2751b8aec90c912801dd9876293baec267047b05fd741e80da36c56abce54cbf address=tb1qdf3wpe79tkf2n49vc9wu7yk2ylnspzamll67hu balance=20000sat
bob: seed=1eadbabea6d46362eb23638b72a4c43c359f12f89b40a0b0adba1f3fe1c2a2e2ef8bd8e59585e5a7a94e3a7fb98b107dbd2df722d2a7b17df68cc9c55fc2b32b address=tb1qyywy99nvq8h07jsczuumznvypflnnh9qfdq735 balance=0sat
charlie: seed=17157734758bd785f215cb44669d9c2924fc546da72a4257b3a269f279264c82dad46a8efaae82e00c65f079cc836262230b0963cab0490ba9e18848678dae78 address=tb1q2uplqw3gsqer6v5rtzmhv6lqje5wpdqeqdffne balance=0sat

=== Seed Backup: 2025-12-13 09:36:04 ===
alice: seed=0e5b52470d9610f60bbddc0fc25a1cfa974cfb366cf1a973a82fc5d7cf462efe2751b8aec90c912801dd9876293baec267047b05fd741e80da36c56abce54cbf address=tb1q80h8k07dvqe9z809hy5e6qftnczgvngh0jv6lu balance=14844sat
bob: seed=1eadbabea6d46362eb23638b72a4c43c359f12f89b40a0b0adba1f3fe1c2a2e2ef8bd8e59585e5a7a94e3a7fb98b107dbd2df722d2a7b17df68cc9c55fc2b32b address=tb1q38k2tgw5lqklegv8a9eky4xsvjxcv2d2h9uggc balance=20000sat
charlie: seed=17157734758bd785f215cb44669d9c2924fc546da72a4257b3a269f279264c82dad46a8efaae82e00c65f079cc836262230b0963cab0490ba9e18848678dae78 address=tb1qfn2k7y0sn6n7pmu7dvr5y67q37chjngxrk027w balance=14844sat

=== Seed Backup: 2025-12-13 09:48:15 ===
alice: seed=0e5b52470d9610f60bbddc0fc25a1cfa974cfb366cf1a973a82fc5d7cf462efe2751b8aec90c912801dd9876293baec267047b05fd741e80da36c56abce54cbf address=tb1qs9547c6apen2hyplyae6zrgf73tetsv6gr062c balance=14844sat
bob: seed=1eadbabea6d46362eb23638b72a4c43c359f12f89b40a0b0adba1f3fe1c2a2e2ef8bd8e59585e5a7a94e3a7fb98b107dbd2df722d2a7b17df68cc9c55fc2b32b address=tb1qxm0ktvu3npsaswdyu5qg67pnyv4msv4zzur8a7 balance=20000sat
charlie: seed=17157734758bd785f215cb44669d9c2924fc546da72a4257b3a269f279264c82dad46a8efaae82e00c65f079cc836262230b0963cab0490ba9e18848678dae78 address=tb1q7yzdsedx9yh2x0cgu0y2wfvrfwt7kft0lwvd4k balance=14844sat

=== Seed Backup: 2025-12-13 10:37:39 ===
alice: seed=0e5b52470d9610f60bbddc0fc25a1cfa974cfb366cf1a973a82fc5d7cf462efe2751b8aec90c912801dd9876293baec267047b05fd741e80da36c56abce54cbf address=tb1qaa5ru40hacxafqzztc3k0xvm03ntqz39kknl73 balance=14844sat
bob: seed=1eadbabea6d46362eb23638b72a4c43c359f12f89b40a0b0adba1f3fe1c2a2e2ef8bd8e59585e5a7a94e3a7fb98b107dbd2df722d2a7b17df68cc9c55fc2b32b address=tb1qgecn2jcnv049707h8u9h3slf75razcvw72nal6 balance=20000sat
charlie: seed=17157734758bd785f215cb44669d9c2924fc546da72a4257b3a269f279264c82dad46a8efaae82e00c65f079cc836262230b0963cab0490ba9e18848678dae78 address=tb1qetq95r3tkrhvqz2vte8lj6raygfk5rgwzx9eyu balance=14844sat

=== Seed Backup: 2025-12-13 13:43:52 ===
alice: seed=0e5b52470d9610f60bbddc0fc25a1cfa974cfb366cf1a973a82fc5d7cf462efe2751b8aec90c912801dd9876293baec267047b05fd741e80da36c56abce54cbf address=tb1qrwt0uzf0t8dep24wv956lgrnha8ppskxyw5g58 balance=14844sat
bob: seed=1eadbabea6d46362eb23638b72a4c43c359f12f89b40a0b0adba1f3fe1c2a2e2ef8bd8e59585e5a7a94e3a7fb98b107dbd2df722d2a7b17df68cc9c55fc2b32b address=tb1qru5rztl7jpvzrdy2jtvtn8eqt7u0p456m0553k balance=20000sat
charlie: seed=17157734758bd785f215cb44669d9c2924fc546da72a4257b3a269f279264c82dad46a8efaae82e00c65f079cc836262230b0963cab0490ba9e18848678dae78 address=tb1q3h5xr7w72yl3kh2hfup2yzgh6ln66r4e9rnmsk balance=14844sat

=== Seed Backup: 2025-12-13 13:57:54 ===
alice: seed=0e5b52470d9610f60bbddc0fc25a1cfa974cfb366cf1a973a82fc5d7cf462efe2751b8aec90c912801dd9876293baec267047b05fd741e80da36c56abce54cbf address=tb1qxg4ud6yhnnqcryk046e97mfcg4tvdx8tsm5t0c balance=14844sat
bob: seed=1eadbabea6d46362eb23638b72a4c43c359f12f89b40a0b0adba1f3fe1c2a2e2ef8bd8e59585e5a7a94e3a7fb98b107dbd2df722d2a7b17df68cc9c55fc2b32b address=tb1qrjgef0j3yzp33kyk3jzdk2a6pl4waeck0dltqx balance=20000sat
charlie: seed=17157734758bd785f215cb44669d9c2924fc546da72a4257b3a269f279264c82dad46a8efaae82e00c65f079cc836262230b0963cab0490ba9e18848678dae78 address=tb1q8v4xa7hd8yvt5qgurqtr5gqgu5n0xw8q99cg2f balance=14844sat

=== Seed Backup: 2025-12-13 14:12:35 ===
alice: seed=0e5b52470d9610f60bbddc0fc25a1cfa974cfb366cf1a973a82fc5d7cf462efe2751b8aec90c912801dd9876293baec267047b05fd741e80da36c56abce54cbf address=tb1qgxscl57mwz7vsraz7fv82xwkmjvtdmzwc6ec80 balance=14844sat
bob: seed=1eadbabea6d46362eb23638b72a4c43c359f12f89b40a0b0adba1f3fe1c2a2e2ef8bd8e59585e5a7a94e3a7fb98b107dbd2df722d2a7b17df68cc9c55fc2b32b address=tb1qpwyxr0fjj5fndaprgxn0rdvdnqp0sap7phqe7z balance=20000sat
charlie: seed=17157734758bd785f215cb44669d9c2924fc546da72a4257b3a269f279264c82dad46a8efaae82e00c65f079cc836262230b0963cab0490ba9e18848678dae78 address=tb1q7zl86d8z8evptc4sll5vwn7ervkumdm992vmt6 balance=14844sat

=== Seed Backup: 2025-12-14 19:07:03 ===
alice: seed=0e5b52470d9610f60bbddc0fc25a1cfa974cfb366cf1a973a82fc5d7cf462efe2751b8aec90c912801dd9876293baec267047b05fd741e80da36c56abce54cbf address=tb1q3t5rt9l056n4s2c86w49yx8wvtkckah0ve8dh0 balance=14844sat
bob: seed=1eadbabea6d46362eb23638b72a4c43c359f12f89b40a0b0adba1f3fe1c2a2e2ef8bd8e59585e5a7a94e3a7fb98b107dbd2df722d2a7b17df68cc9c55fc2b32b address=tb1qkwrldhqn6kw2vgtlzq38gxdgnqgx5p4suhd2ua balance=20000sat
charlie: seed=17157734758bd785f215cb44669d9c2924fc546da72a4257b3a269f279264c82dad46a8efaae82e00c65f079cc836262230b0963cab0490ba9e18848678dae78 address=tb1qga3jgvfqrtxe6kxcx5qwsraqjm20rpaqqa8jv9 balance=9681sat

=== Seed Backup: 2025-12-16 15:03:11 ===

=== Seed Backup: 2025-12-16 15:42:45 ===
alice: seed=27c0070824422ab80fb854f3064abf268b5b59a4948c06956e6c3796f649a0e997380bdf33cd671e751efacd35dccf5ed573bb64fc97ac363b0be0ab907e6579 address=tb1q2rquexgrwr5rt66ge6nvrmeuklpkue4f59kcsq balance=0sat
bob: seed=2bf4217bc3ddca971929ef4f6bc4f5cd85e9b99396960c1307ff97d31e6a9013aa933ad2f9a1ca1759993e4b9cfcf38fef40753563bb9d2b147036313822472e address=tb1q45csacgz8ymy8zzr6ej73zzsdaqeduf48qqkvw balance=0sat
charlie: seed=3925aa5e2b3471720be238a3941a3cd963d82a3dc8c789bbfc181752bc7852d1160af82253ea53f2e3c153776e2cc5804c5000ea544f04f8a41d5776d504ad0a address=tb1qwj0dshmye6v560r85k95cc0n9t8ww94fy70pwk balance=0sat

=== Seed Backup: 2025-12-16 15:52:08 ===
alice: seed=27c0070824422ab80fb854f3064abf268b5b59a4948c06956e6c3796f649a0e997380bdf33cd671e751efacd35dccf5ed573bb64fc97ac363b0be0ab907e6579 address=tb1qsu03rs6c52tjf77lg346yuy899e065kntt5jvj balance=14837sat
bob: seed=2bf4217bc3ddca971929ef4f6bc4f5cd85e9b99396960c1307ff97d31e6a9013aa933ad2f9a1ca1759993e4b9cfcf38fef40753563bb9d2b147036313822472e address=tb1qezze2stxq3rkua083mk5skw07c0vzzknjzcwsd balance=20000sat
charlie: seed=3925aa5e2b3471720be238a3941a3cd963d82a3dc8c789bbfc181752bc7852d1160af82253ea53f2e3c153776e2cc5804c5000ea544f04f8a41d5776d504ad0a address=tb1q7zs2pjh3ywlzrxmj8hedcs9ppj2nmdx93uau39 balance=14837sat

=== Seed Backup: 2025-12-16 16:30:17 ===
alice: seed=27c0070824422ab80fb854f3064abf268b5b59a4948c06956e6c3796f649a0e997380bdf33cd671e751efacd35dccf5ed573bb64fc97ac363b0be0ab907e6579 address=tb1q8kq4uesh3cca07a8y03qp26cguljsq3uzgxqxc balance=14837sat
bob: seed=2bf4217bc3ddca971929ef4f6bc4f5cd85e9b99396960c1307ff97d31e6a9013aa933ad2f9a1ca1759993e4b9cfcf38fef40753563bb9d2b147036313822472e address=tb1q8zppq2qx97xkt8x4ckfdny2r86tf24245au3w5 balance=20000sat
charlie: seed=3925aa5e2b3471720be238a3941a3cd963d82a3dc8c789bbfc181752bc7852d1160af82253ea53f2e3c153776e2cc5804c5000ea544f04f8a41d5776d504ad0a address=tb1qykusdtnu0d7jh2dh45kp633xrlhhastjr895zj balance=14837sat

=== Seed Backup: 2025-12-16 18:14:42 ===
alice: seed=27c0070824422ab80fb854f3064abf268b5b59a4948c06956e6c3796f649a0e997380bdf33cd671e751efacd35dccf5ed573bb64fc97ac363b0be0ab907e6579 address=tb1qzcacck837khadukkpf65xyavl876sdgdstfv7h balance=14837sat
bob: seed=2bf4217bc3ddca971929ef4f6bc4f5cd85e9b99396960c1307ff97d31e6a9013aa933ad2f9a1ca1759993e4b9cfcf38fef40753563bb9d2b147036313822472e address=tb1q0fp7nuzu0jym5uqvqtl6aqj98u24nr42jwuqex balance=20000sat
charlie: seed=3925aa5e2b3471720be238a3941a3cd963d82a3dc8c789bbfc181752bc7852d1160af82253ea53f2e3c153776e2cc5804c5000ea544f04f8a41d5776d504ad0a address=tb1q983jc7eqjm0sytuksz39hawfuv5ju9sand5qh3 balance=14837sat

=== Seed Backup: 2025-12-16 19:34:17 ===
alice: seed=27c0070824422ab80fb854f3064abf268b5b59a4948c06956e6c3796f649a0e997380bdf33cd671e751efacd35dccf5ed573bb64fc97ac363b0be0ab907e6579 address=tb1qs8djxdg5emypsf3kzgj40n39t2x0dp4zm6yty8 balance=14837sat
bob: seed=2bf4217bc3ddca971929ef4f6bc4f5cd85e9b99396960c1307ff97d31e6a9013aa933ad2f9a1ca1759993e4b9cfcf38fef40753563bb9d2b147036313822472e address=tb1qtnrusz6mt9swd8kc92kkj9xcuekrn0exc0x8t0 balance=20000sat
charlie: seed=3925aa5e2b3471720be238a3941a3cd963d82a3dc8c789bbfc181752bc7852d1160af82253ea53f2e3c153776e2cc5804c5000ea544f04f8a41d5776d504ad0a address=tb1q0tefqpxgjydmhmwk9x7aygnnlxnm7764nvhryx balance=14837sat

=== Seed Backup: 2025-12-16 20:26:52 ===
alice: seed=27c0070824422ab80fb854f3064abf268b5b59a4948c06956e6c3796f649a0e997380bdf33cd671e751efacd35dccf5ed573bb64fc97ac363b0be0ab907e6579 address=tb1qr5l0mlwdu486xxaequjvghy0dvmre6awymce6p balance=14837sat
bob: seed=2bf4217bc3ddca971929ef4f6bc4f5cd85e9b99396960c1307ff97d31e6a9013aa933ad2f9a1ca1759993e4b9cfcf38fef40753563bb9d2b147036313822472e address=tb1qkzf23ea664lq4x3e70rv3zwq2yh0lxczathlzp balance=20000sat
charlie: seed=3925aa5e2b3471720be238a3941a3cd963d82a3dc8c789bbfc181752bc7852d1160af82253ea53f2e3c153776e2cc5804c5000ea544f04f8a41d5776d504ad0a address=tb1q352vzjaf8nx2jy2uwazmrlleudcplnstv38sw7 balance=14837sat

=== Seed Backup: 2025-12-16 20:38:31 ===
alice: seed=27c0070824422ab80fb854f3064abf268b5b59a4948c06956e6c3796f649a0e997380bdf33cd671e751efacd35dccf5ed573bb64fc97ac363b0be0ab907e6579 address=tb1qtuxfxeace4u6djea4t8ne8r4y8d9phazfatdfp balance=14837sat
bob: seed=2bf4217bc3ddca971929ef4f6bc4f5cd85e9b99396960c1307ff97d31e6a9013aa933ad2f9a1ca1759993e4b9cfcf38fef40753563bb9d2b147036313822472e address=tb1qrlqr0qkcpydvgwhqgex4ara78uadgle3vlvd3d balance=20000sat
charlie: seed=3925aa5e2b3471720be238a3941a3cd963d82a3dc8c789bbfc181752bc7852d1160af82253ea53f2e3c153776e2cc5804c5000ea544f04f8a41d5776d504ad0a address=tb1qrca7689lx5mr6xhafdrvt2seeeansvay22cwjn balance=14837sat

=== Seed Backup: 2025-12-16 20:43:36 ===
alice: seed=27c0070824422ab80fb854f3064abf268b5b59a4948c06956e6c3796f649a0e997380bdf33cd671e751efacd35dccf5ed573bb64fc97ac363b0be0ab907e6579 address=tb1q0cefzk7t0vcmp75wawkzzsk82qx6ygmr26l6sw balance=14837sat
bob: seed=2bf4217bc3ddca971929ef4f6bc4f5cd85e9b99396960c1307ff97d31e6a9013aa933ad2f9a1ca1759993e4b9cfcf38fef40753563bb9d2b147036313822472e address=tb1quggnzl4c6ftjddacgktz4zektzryefntrc0erh balance=20000sat
charlie: seed=3925aa5e2b3471720be238a3941a3cd963d82a3dc8c789bbfc181752bc7852d1160af82253ea53f2e3c153776e2cc5804c5000ea544f04f8a41d5776d504ad0a address=tb1qut268u7r2rsj8adkkpspnps04y4t3tktd0jk8s balance=14837sat

=== Seed Backup: 2025-12-17 14:15:00 ===
alice: seed=27c0070824422ab80fb854f3064abf268b5b59a4948c06956e6c3796f649a0e997380bdf33cd671e751efacd35dccf5ed573bb64fc97ac363b0be0ab907e6579 address=tb1q0fwnwt7crs3unck2jcq3z4q9h8mpf55zfnweh4 balance=9674sat
bob: seed=2bf4217bc3ddca971929ef4f6bc4f5cd85e9b99396960c1307ff97d31e6a9013aa933ad2f9a1ca1759993e4b9cfcf38fef40753563bb9d2b147036313822472e address=tb1qmguzekspsy2f2lpr0lyec0r088svxtryd6ency balance=20000sat
charlie: seed=3925aa5e2b3471720be238a3941a3cd963d82a3dc8c789bbfc181752bc7852d1160af82253ea53f2e3c153776e2cc5804c5000ea544f04f8a41d5776d504ad0a address=tb1qy8km49qsgf64aexp7j5fdvkjzrzdwkg50aecsf balance=14837sat

=== Seed Backup: 2025-12-17 15:10:31 ===
alice: seed=27c0070824422ab80fb854f3064abf268b5b59a4948c06956e6c3796f649a0e997380bdf33cd671e751efacd35dccf5ed573bb64fc97ac363b0be0ab907e6579 address=tb1qfnrtefwpkksn3pgvqvak5q92nqcg08klzxmprp balance=9674sat
bob: seed=2bf4217bc3ddca971929ef4f6bc4f5cd85e9b99396960c1307ff97d31e6a9013aa933ad2f9a1ca1759993e4b9cfcf38fef40753563bb9d2b147036313822472e address=tb1qyuqkyhs27gz47qs9a4azrdqytlcjqrfpc5crd4 balance=20000sat
charlie: seed=3925aa5e2b3471720be238a3941a3cd963d82a3dc8c789bbfc181752bc7852d1160af82253ea53f2e3c153776e2cc5804c5000ea544f04f8a41d5776d504ad0a address=tb1qgaq26mmck4dr2gxc76zz890v70yfe9dx3a2gj7 balance=14837sat

=== Seed Backup: 2025-12-17 17:40:40 ===
alice: seed=27c0070824422ab80fb854f3064abf268b5b59a4948c06956e6c3796f649a0e997380bdf33cd671e751efacd35dccf5ed573bb64fc97ac363b0be0ab907e6579 address=tb1qqssqczx72ghyan8fgzn8km52rmuv5l64ktlsca balance=9674sat
bob: seed=2bf4217bc3ddca971929ef4f6bc4f5cd85e9b99396960c1307ff97d31e6a9013aa933ad2f9a1ca1759993e4b9cfcf38fef40753563bb9d2b147036313822472e address=tb1q6ldyjzu3zlr9e7d9cpm8nf3205fap72lr750ge balance=20000sat
charlie: seed=3925aa5e2b3471720be238a3941a3cd963d82a3dc8c789bbfc181752bc7852d1160af82253ea53f2e3c153776e2cc5804c5000ea544f04f8a41d5776d504ad0a address=tb1qu8075u22jkefvjeu45s76lh5hqf5yhps37u8z4 balance=14837sat

=== Seed Backup: 2025-12-18 15:35:31 ===
alice: seed=27c0070824422ab80fb854f3064abf268b5b59a4948c06956e6c3796f649a0e997380bdf33cd671e751efacd35dccf5ed573bb64fc97ac363b0be0ab907e6579 address=tb1qu6cjv3leyfvu34ztwl3hsshueh8pkuetvc25kt balance=9674sat
bob: seed=2bf4217bc3ddca971929ef4f6bc4f5cd85e9b99396960c1307ff97d31e6a9013aa933ad2f9a1ca1759993e4b9cfcf38fef40753563bb9d2b147036313822472e address=tb1qn0urmzaaelalml4efrfctz35gf2uxu590jjvpg balance=20000sat
charlie: seed=3925aa5e2b3471720be238a3941a3cd963d82a3dc8c789bbfc181752bc7852d1160af82253ea53f2e3c153776e2cc5804c5000ea544f04f8a41d5776d504ad0a address=tb1qt6ewy4t3gr2hlqn0lklmv2ec42qmclzjj0ml4p balance=14837sat

=== Seed Backup: 2025-12-19 14:32:21 ===
alice: seed=27c0070824422ab80fb854f3064abf268b5b59a4948c06956e6c3796f649a0e997380bdf33cd671e751efacd35dccf5ed573bb64fc97ac363b0be0ab907e6579 address=tb1q2dx5vxh3nakuha3s0uy97lzzgkscjp0epxel9h balance=9674sat
bob: seed=2bf4217bc3ddca971929ef4f6bc4f5cd85e9b99396960c1307ff97d31e6a9013aa933ad2f9a1ca1759993e4b9cfcf38fef40753563bb9d2b147036313822472e address=tb1qcgty83uv4ecxr254sdzudm6ql46xsd42x2zlsv balance=20000sat
charlie: seed=3925aa5e2b3471720be238a3941a3cd963d82a3dc8c789bbfc181752bc7852d1160af82253ea53f2e3c153776e2cc5804c5000ea544f04f8a41d5776d504ad0a address=tb1q6nzrwgw0mq79aqe5w6s7t44zwtd0t67j4u8krm balance=14837sat

=== Seed Backup: 2025-12-19 16:31:08 ===
alice: seed=27c0070824422ab80fb854f3064abf268b5b59a4948c06956e6c3796f649a0e997380bdf33cd671e751efacd35dccf5ed573bb64fc97ac363b0be0ab907e6579 address=tb1qfuns3930jdtgeys9y7tu8wq8n70phk6cnxjugw balance=9674sat
bob: seed=2bf4217bc3ddca971929ef4f6bc4f5cd85e9b99396960c1307ff97d31e6a9013aa933ad2f9a1ca1759993e4b9cfcf38fef40753563bb9d2b147036313822472e address=tb1qr8spcgk5f7j2728apn3tafqjnqe5d33v5rafs8 balance=20000sat
charlie: seed=3925aa5e2b3471720be238a3941a3cd963d82a3dc8c789bbfc181752bc7852d1160af82253ea53f2e3c153776e2cc5804c5000ea544f04f8a41d5776d504ad0a address=tb1q0w7s2z4qj0pgkx6ljnxdt5sdm0w8gwvff8t8dn balance=14837sat

=== Seed Backup: 2025-12-19 20:38:48 ===
alice: seed=27c0070824422ab80fb854f3064abf268b5b59a4948c06956e6c3796f649a0e997380bdf33cd671e751efacd35dccf5ed573bb64fc97ac363b0be0ab907e6579 address=tb1qj4dswaygkzsywkc2qs4w9szhvue262qxga4fv3 balance=9674sat
bob: seed=2bf4217bc3ddca971929ef4f6bc4f5cd85e9b99396960c1307ff97d31e6a9013aa933ad2f9a1ca1759993e4b9cfcf38fef40753563bb9d2b147036313822472e address=tb1qrzfv48hx4cn2truvu9gjwn788czctqs9ueewra balance=20000sat
charlie: seed=3925aa5e2b3471720be238a3941a3cd963d82a3dc8c789bbfc181752bc7852d1160af82253ea53f2e3c153776e2cc5804c5000ea544f04f8a41d5776d504ad0a address=tb1qy9em3239z4v69fp6nzlyjpf4yr86jqxlp2e0tq balance=14837sat

=== Seed Backup: 2025-12-20 09:43:31 ===
alice: seed=27c0070824422ab80fb854f3064abf268b5b59a4948c06956e6c3796f649a0e997380bdf33cd671e751efacd35dccf5ed573bb64fc97ac363b0be0ab907e6579 address=tb1qv2gx2hcf3rfsuwyqat6tlcnguhp8zna44zdhy7 balance=9674sat
bob: seed=2bf4217bc3ddca971929ef4f6bc4f5cd85e9b99396960c1307ff97d31e6a9013aa933ad2f9a1ca1759993e4b9cfcf38fef40753563bb9d2b147036313822472e address=tb1qewzm554j8x2yv95udrl6aa7mw08e9farc87pp8 balance=20000sat
charlie: seed=3925aa5e2b3471720be238a3941a3cd963d82a3dc8c789bbfc181752bc7852d1160af82253ea53f2e3c153776e2cc5804c5000ea544f04f8a41d5776d504ad0a address=tb1qztxlwepmhuw2xm784uhyhlcznq8vespuaycs4h balance=9655sat

=== Seed Backup: 2025-12-22 20:01:57 ===
alice: seed=27c0070824422ab80fb854f3064abf268b5b59a4948c06956e6c3796f649a0e997380bdf33cd671e751efacd35dccf5ed573bb64fc97ac363b0be0ab907e6579 address=tb1qfd6m2w93c6eswztkasc4j2cc293gnu3vt4xrv3 balance=9674sat
bob: seed=2bf4217bc3ddca971929ef4f6bc4f5cd85e9b99396960c1307ff97d31e6a9013aa933ad2f9a1ca1759993e4b9cfcf38fef40753563bb9d2b147036313822472e address=tb1qmqqta3rrxep3l6lq5jfrhggcur3p35jfmepncy balance=20000sat
charlie: seed=3925aa5e2b3471720be238a3941a3cd963d82a3dc8c789bbfc181752bc7852d1160af82253ea53f2e3c153776e2cc5804c5000ea544f04f8a41d5776d504ad0a address=tb1qs88yvk0s3k0ewx50qrurw8kmjdfnwf297yr6vm balance=9655sat

=== Seed Backup: 2025-12-22 23:34:10 ===
alice: seed=27c0070824422ab80fb854f3064abf268b5b59a4948c06956e6c3796f649a0e997380bdf33cd671e751efacd35dccf5ed573bb64fc97ac363b0be0ab907e6579 address=tb1q80d3v5k0vz2rgqg0ennktrz7fr3kjpktryd4th balance=9674sat
bob: seed=2bf4217bc3ddca971929ef4f6bc4f5cd85e9b99396960c1307ff97d31e6a9013aa933ad2f9a1ca1759993e4b9cfcf38fef40753563bb9d2b147036313822472e address=tb1qgm6u0uplr67gz9mselkmuh7m7vaq0g2k4c4mlg balance=20000sat
charlie: seed=3925aa5e2b3471720be238a3941a3cd963d82a3dc8c789bbfc181752bc7852d1160af82253ea53f2e3c153776e2cc5804c5000ea544f04f8a41d5776d504ad0a address=tb1q638rnv2s93syh0ckjxe34ggrlpqg2p20e5jmk5 balance=9655sat

=== Seed Backup: 2025-12-23 01:12:42 ===
alice: seed=27c0070824422ab80fb854f3064abf268b5b59a4948c06956e6c3796f649a0e997380bdf33cd671e751efacd35dccf5ed573bb64fc97ac363b0be0ab907e6579 address=tb1qwk3vy4dfdq24c09cdzgfrklsg0pe4n7mzg7c33 balance=9674sat
bob: seed=2bf4217bc3ddca971929ef4f6bc4f5cd85e9b99396960c1307ff97d31e6a9013aa933ad2f9a1ca1759993e4b9cfcf38fef40753563bb9d2b147036313822472e address=tb1q9vna95ma879xwtzaceg4m9qmmgts6grrurfdsf balance=20000sat
charlie: seed=3925aa5e2b3471720be238a3941a3cd963d82a3dc8c789bbfc181752bc7852d1160af82253ea53f2e3c153776e2cc5804c5000ea544f04f8a41d5776d504ad0a address=tb1qxwnd8zdcqq7sax5n2ltttq9tudylxymgfac0cg balance=9655sat

=== Seed Backup: 2025-12-23 01:17:13 ===
alice: seed=27c0070824422ab80fb854f3064abf268b5b59a4948c06956e6c3796f649a0e997380bdf33cd671e751efacd35dccf5ed573bb64fc97ac363b0be0ab907e6579 address=tb1qeswdk2y0z3pm2ye932mgk3ywgynhdfh9fvuydr balance=9674sat
bob: seed=2bf4217bc3ddca971929ef4f6bc4f5cd85e9b99396960c1307ff97d31e6a9013aa933ad2f9a1ca1759993e4b9cfcf38fef40753563bb9d2b147036313822472e address=tb1q5cl9yhhylez9gstd7ld407jug63qxwzvddlpet balance=20000sat
charlie: seed=3925aa5e2b3471720be238a3941a3cd963d82a3dc8c789bbfc181752bc7852d1160af82253ea53f2e3c153776e2cc5804c5000ea544f04f8a41d5776d504ad0a address=tb1qu6csgdm87483hdsu3zjvh7wy9344h32ddxu5pd balance=9655sat

=== Seed Backup: 2025-12-23 01:47:14 ===
alice: seed=27c0070824422ab80fb854f3064abf268b5b59a4948c06956e6c3796f649a0e997380bdf33cd671e751efacd35dccf5ed573bb64fc97ac363b0be0ab907e6579 address=tb1q49p2ep3qkntaglfdanxujeqprljvxalj0q8pnj balance=9674sat
bob: seed=2bf4217bc3ddca971929ef4f6bc4f5cd85e9b99396960c1307ff97d31e6a9013aa933ad2f9a1ca1759993e4b9cfcf38fef40753563bb9d2b147036313822472e address=tb1quzsl8j2hw4a39ndnj3h84ef392ewe2uszaq4te balance=20000sat
charlie: seed=3925aa5e2b3471720be238a3941a3cd963d82a3dc8c789bbfc181752bc7852d1160af82253ea53f2e3c153776e2cc5804c5000ea544f04f8a41d5776d504ad0a address=tb1qzhvd07wj34waruv2fy9x9sxzdyjp9j5kzrxddj balance=9655sat

=== Seed Backup: 2025-12-23 01:52:07 ===
alice: seed=27c0070824422ab80fb854f3064abf268b5b59a4948c06956e6c3796f649a0e997380bdf33cd671e751efacd35dccf5ed573bb64fc97ac363b0be0ab907e6579 address=tb1q8dnl8e5zw4h0p0309dcq09y7f9m9nsc3deu4rj balance=9674sat
bob: seed=2bf4217bc3ddca971929ef4f6bc4f5cd85e9b99396960c1307ff97d31e6a9013aa933ad2f9a1ca1759993e4b9cfcf38fef40753563bb9d2b147036313822472e address=tb1qxjaa2ztnplktthq5l7ktr95p7q2rn4yqlnyjcq balance=20000sat
charlie: seed=3925aa5e2b3471720be238a3941a3cd963d82a3dc8c789bbfc181752bc7852d1160af82253ea53f2e3c153776e2cc5804c5000ea544f04f8a41d5776d504ad0a address=tb1q8rtgdx7rfgg0y5zjereqsdp3pjh30qnnw9s6k6 balance=9655sat

=== Seed Backup: 2025-12-23 08:40:13 ===
alice: seed=27c0070824422ab80fb854f3064abf268b5b59a4948c06956e6c3796f649a0e997380bdf33cd671e751efacd35dccf5ed573bb64fc97ac363b0be0ab907e6579 address=tb1qmsau9ht97mwac00rz3lzl4fkm8d8hsyqy9vavq balance=9674sat
bob: seed=2bf4217bc3ddca971929ef4f6bc4f5cd85e9b99396960c1307ff97d31e6a9013aa933ad2f9a1ca1759993e4b9cfcf38fef40753563bb9d2b147036313822472e address=tb1q9594c53ltjjata322ylqr6ncyw8gt3ffpnchda balance=20000sat
charlie: seed=3925aa5e2b3471720be238a3941a3cd963d82a3dc8c789bbfc181752bc7852d1160af82253ea53f2e3c153776e2cc5804c5000ea544f04f8a41d5776d504ad0a address=tb1qwq6a7s4wa6w7pg59s8npka4grz38h7hstqxv7z balance=9655sat

=== Seed Backup: 2025-12-23 09:19:21 ===
alice: seed=27c0070824422ab80fb854f3064abf268b5b59a4948c06956e6c3796f649a0e997380bdf33cd671e751efacd35dccf5ed573bb64fc97ac363b0be0ab907e6579 address=tb1qnqscn820ydw7xlypxtl0pqped7egca8h5y7pcn balance=9674sat
bob: seed=2bf4217bc3ddca971929ef4f6bc4f5cd85e9b99396960c1307ff97d31e6a9013aa933ad2f9a1ca1759993e4b9cfcf38fef40753563bb9d2b147036313822472e address=tb1qkp3zpeqw7ya9w7z7xacjyr0mv5kjt5qzw8mrav balance=14838sat
charlie: seed=3925aa5e2b3471720be238a3941a3cd963d82a3dc8c789bbfc181752bc7852d1160af82253ea53f2e3c153776e2cc5804c5000ea544f04f8a41d5776d504ad0a address=tb1qx563x6pxcdl7dd0d7glm0eu6ck279x3cc2nt2y balance=9655sat

=== Seed Backup: 2025-12-23 10:01:41 ===
alice: seed=b7eea1c56ab7cb54b320217ac1618e898259685b40c0aa60fb81512ef5f88bb51e0eabb680ab0707cd7fdd9880fc240d052603b54dd7cd1dc89082dab5a1e511 address=tb1quf2mm5gjh6pmvckrcv9thmvqskl49x0eng60vr balance=0sat
bob: seed=507c512dccc203d2dff382f77e84e9e329c1561c59c8fcbaf2707ff99fd7935704905ba8a69b3aa60f990a8daaf08400d955d4cb5c66696089985d40d52ef527 address=tb1qxnqc6vy4tx864we4wn25ju3kj2yz4m2y9cnnam balance=0sat
charlie: seed=d0a8ebff18145a9888b134d26adf441ca88eb59364a2fa29ac8a4de7da040b4d24ad733205b5d96c62c091dd3b6397563f4f6b4e7e86c20cd1ebe69046022cb2 address=tb1q0yaw5gpyfp6t04k44x0yn0ajnvxmy3kaj2555z balance=0sat

=== Seed Backup: 2025-12-23 10:30:30 ===
alice: seed=b7eea1c56ab7cb54b320217ac1618e898259685b40c0aa60fb81512ef5f88bb51e0eabb680ab0707cd7fdd9880fc240d052603b54dd7cd1dc89082dab5a1e511 address=tb1qdyw2eswnq0x4kvrvv0e85g6rtugfaeh5q6u3w2 balance=0sat
bob: seed=507c512dccc203d2dff382f77e84e9e329c1561c59c8fcbaf2707ff99fd7935704905ba8a69b3aa60f990a8daaf08400d955d4cb5c66696089985d40d52ef527 address=tb1qgtp8hp59s2qeszmwewjqdjnxqef9695almd4mz balance=0sat
charlie: seed=d0a8ebff18145a9888b134d26adf441ca88eb59364a2fa29ac8a4de7da040b4d24ad733205b5d96c62c091dd3b6397563f4f6b4e7e86c20cd1ebe69046022cb2 address=tb1qnu2va2nu4yv26s22unqvekxqwk9qpfeke0xqjg balance=0sat

=== Seed Backup: 2025-12-23 10:32:02 ===
alice: seed=b7eea1c56ab7cb54b320217ac1618e898259685b40c0aa60fb81512ef5f88bb51e0eabb680ab0707cd7fdd9880fc240d052603b54dd7cd1dc89082dab5a1e511 address=tb1qzsc8xykr6zp98sx7f4j8t875m3qpfvac347t4m balance=20000sat
bob: seed=507c512dccc203d2dff382f77e84e9e329c1561c59c8fcbaf2707ff99fd7935704905ba8a69b3aa60f990a8daaf08400d955d4cb5c66696089985d40d52ef527 address=tb1qkxztyrdry3u85c27dhmfkxgn8mqcnwmsalpkff balance=20000sat
charlie: seed=d0a8ebff18145a9888b134d26adf441ca88eb59364a2fa29ac8a4de7da040b4d24ad733205b5d96c62c091dd3b6397563f4f6b4e7e86c20cd1ebe69046022cb2 address=tb1qrr9m20f5alj8dvl4fgytyfewzqzm4jxmm32c88 balance=0sat

=== Seed Backup: 2025-12-23 10:39:10 ===
alice: seed=b7eea1c56ab7cb54b320217ac1618e898259685b40c0aa60fb81512ef5f88bb51e0eabb680ab0707cd7fdd9880fc240d052603b54dd7cd1dc89082dab5a1e511 address=tb1qy9cpqvp5ynuy0vrclzyaext7m6l32kca0t9zmv balance=14837sat
bob: seed=507c512dccc203d2dff382f77e84e9e329c1561c59c8fcbaf2707ff99fd7935704905ba8a69b3aa60f990a8daaf08400d955d4cb5c66696089985d40d52ef527 address=tb1qp9ay7adq3yw5z5xywdjulln28p922l5hsgkyzt balance=20000sat
charlie: seed=d0a8ebff18145a9888b134d26adf441ca88eb59364a2fa29ac8a4de7da040b4d24ad733205b5d96c62c091dd3b6397563f4f6b4e7e86c20cd1ebe69046022cb2 address=tb1q7cfp3jr7rs4mtncap2pd48mm6h5spltf5afl6x balance=14837sat

=== Seed Backup: 2025-12-23 10:54:32 ===
alice: seed=b7eea1c56ab7cb54b320217ac1618e898259685b40c0aa60fb81512ef5f88bb51e0eabb680ab0707cd7fdd9880fc240d052603b54dd7cd1dc89082dab5a1e511 address=tb1qskvup460l2myfdus0vghma3gmdnvdazfjdxvfr balance=14837sat
bob: seed=507c512dccc203d2dff382f77e84e9e329c1561c59c8fcbaf2707ff99fd7935704905ba8a69b3aa60f990a8daaf08400d955d4cb5c66696089985d40d52ef527 address=tb1qxaz9eswupcndy60p86gn4qlhsfq26kgszvduqw balance=20000sat
charlie: seed=d0a8ebff18145a9888b134d26adf441ca88eb59364a2fa29ac8a4de7da040b4d24ad733205b5d96c62c091dd3b6397563f4f6b4e7e86c20cd1ebe69046022cb2 address=tb1qkmtc57ftvx4tjl25mswkh0vcw9lwndh98ar9et balance=14837sat

=== Seed Backup: 2025-12-23 17:56:16 ===
alice: seed=b7eea1c56ab7cb54b320217ac1618e898259685b40c0aa60fb81512ef5f88bb51e0eabb680ab0707cd7fdd9880fc240d052603b54dd7cd1dc89082dab5a1e511 address=tb1qyatshwr0fg6vy9ac7el06cnmpfkhhc05saj3er balance=9655sat
bob: seed=507c512dccc203d2dff382f77e84e9e329c1561c59c8fcbaf2707ff99fd7935704905ba8a69b3aa60f990a8daaf08400d955d4cb5c66696089985d40d52ef527 address=tb1qjyjqwkzggucj4u4hzvyp7h4zpr8dw36j8rkhqk balance=20000sat
charlie: seed=d0a8ebff18145a9888b134d26adf441ca88eb59364a2fa29ac8a4de7da040b4d24ad733205b5d96c62c091dd3b6397563f4f6b4e7e86c20cd1ebe69046022cb2 address=tb1qu9n0patz3hzdrdje2gn0hywjp73rmgkse6zda5 balance=14837sat

=== Seed Backup: 2025-12-23 22:55:24 ===
alice: seed=b7eea1c56ab7cb54b320217ac1618e898259685b40c0aa60fb81512ef5f88bb51e0eabb680ab0707cd7fdd9880fc240d052603b54dd7cd1dc89082dab5a1e511 address=tb1qsux4fescug6nllxv9u8sr2ywm2n7tykg7s68zt balance=4493sat
bob: seed=507c512dccc203d2dff382f77e84e9e329c1561c59c8fcbaf2707ff99fd7935704905ba8a69b3aa60f990a8daaf08400d955d4cb5c66696089985d40d52ef527 address=tb1qwuj9lxhfwjmzrsrythq45czs85nydcjk6u0zv9 balance=20000sat
charlie: seed=d0a8ebff18145a9888b134d26adf441ca88eb59364a2fa29ac8a4de7da040b4d24ad733205b5d96c62c091dd3b6397563f4f6b4e7e86c20cd1ebe69046022cb2 address=tb1q37lymre6p64pgpdxdkgpvzeqhsecx6e00p5uzw balance=14837sat

=== Seed Backup: 2025-12-24 00:14:34 ===
alice: seed=b7eea1c56ab7cb54b320217ac1618e898259685b40c0aa60fb81512ef5f88bb51e0eabb680ab0707cd7fdd9880fc240d052603b54dd7cd1dc89082dab5a1e511 address=tb1qkmtfemaxsjtwks3dms0m5tchf8nc3tmmdkhzdv balance=4493sat
bob: seed=507c512dccc203d2dff382f77e84e9e329c1561c59c8fcbaf2707ff99fd7935704905ba8a69b3aa60f990a8daaf08400d955d4cb5c66696089985d40d52ef527 address=tb1qxn8auzuyjmsruzx89rl05k9a6qrnqux4g303q7 balance=0sat
charlie: seed=d0a8ebff18145a9888b134d26adf441ca88eb59364a2fa29ac8a4de7da040b4d24ad733205b5d96c62c091dd3b6397563f4f6b4e7e86c20cd1ebe69046022cb2 address=tb1qu5lu5uxghelg6yqmpzcd83n84m5tmq9gds9v5l balance=14837sat

=== Seed Backup: 2025-12-24 00:16:18 ===
alice: seed=b7eea1c56ab7cb54b320217ac1618e898259685b40c0aa60fb81512ef5f88bb51e0eabb680ab0707cd7fdd9880fc240d052603b54dd7cd1dc89082dab5a1e511 address=tb1qtprauhesu5cgqvclcrgt6c94hc0gnflh83k9vc balance=4493sat
bob: seed=507c512dccc203d2dff382f77e84e9e329c1561c59c8fcbaf2707ff99fd7935704905ba8a69b3aa60f990a8daaf08400d955d4cb5c66696089985d40d52ef527 address=tb1qjnpg59pjvqx545r58cvaat8jgj34nn0rmrsxup balance=0sat
charlie: seed=d0a8ebff18145a9888b134d26adf441ca88eb59364a2fa29ac8a4de7da040b4d24ad733205b5d96c62c091dd3b6397563f4f6b4e7e86c20cd1ebe69046022cb2 address=tb1qp2ffg8hdzscxetk2g32mptjf2j5vcfarnp9y6u balance=14837sat

=== Seed Backup: 2025-12-24 00:18:56 ===
alice: seed=b7eea1c56ab7cb54b320217ac1618e898259685b40c0aa60fb81512ef5f88bb51e0eabb680ab0707cd7fdd9880fc240d052603b54dd7cd1dc89082dab5a1e511 address=tb1qqxj35qv3v7ywusxqn4g6hm7ajpquaqy0rmqcgf balance=4493sat
bob: seed=507c512dccc203d2dff382f77e84e9e329c1561c59c8fcbaf2707ff99fd7935704905ba8a69b3aa60f990a8daaf08400d955d4cb5c66696089985d40d52ef527 address=tb1qylzu75rq2knudrax8m92h5auy8fuz3varfy9g3 balance=0sat
charlie: seed=d0a8ebff18145a9888b134d26adf441ca88eb59364a2fa29ac8a4de7da040b4d24ad733205b5d96c62c091dd3b6397563f4f6b4e7e86c20cd1ebe69046022cb2 address=tb1quw20legg865cmg6txw9lnmhe6rdt2pcq7xrna7 balance=14837sat

=== Seed Backup: 2025-12-24 00:25:09 ===
alice: seed=b7eea1c56ab7cb54b320217ac1618e898259685b40c0aa60fb81512ef5f88bb51e0eabb680ab0707cd7fdd9880fc240d052603b54dd7cd1dc89082dab5a1e511 address=tb1qgs9jxxh7z6majenw6t9ahekw4gkqdpmjruzuwa balance=29493sat
bob: seed=507c512dccc203d2dff382f77e84e9e329c1561c59c8fcbaf2707ff99fd7935704905ba8a69b3aa60f990a8daaf08400d955d4cb5c66696089985d40d52ef527 address=tb1qt0av4s6wwy2qxg6q7xequljr50k774ckdnzynt balance=25000sat
charlie: seed=d0a8ebff18145a9888b134d26adf441ca88eb59364a2fa29ac8a4de7da040b4d24ad733205b5d96c62c091dd3b6397563f4f6b4e7e86c20cd1ebe69046022cb2 address=tb1qchr3yn7qmhk33j7k6t2056cz9c2s7qkd03ha9n balance=14837sat

=== Seed Backup: 2025-12-24 01:04:57 ===
alice: seed=b7eea1c56ab7cb54b320217ac1618e898259685b40c0aa60fb81512ef5f88bb51e0eabb680ab0707cd7fdd9880fc240d052603b54dd7cd1dc89082dab5a1e511 address=tb1qn2257v9m76gq9v66l3wkjmavqft4r62p3ravc6 balance=29493sat
bob: seed=507c512dccc203d2dff382f77e84e9e329c1561c59c8fcbaf2707ff99fd7935704905ba8a69b3aa60f990a8daaf08400d955d4cb5c66696089985d40d52ef527 address=tb1q69pvdn632gh92yql0skpd7srt77ttrcemce9dj balance=25000sat
charlie: seed=d0a8ebff18145a9888b134d26adf441ca88eb59364a2fa29ac8a4de7da040b4d24ad733205b5d96c62c091dd3b6397563f4f6b4e7e86c20cd1ebe69046022cb2 address=tb1q40mqznde62a48rk6eewakmefe62kgcg9h987s6 balance=14837sat

=== Seed Backup: 2025-12-24 09:09:18 ===
alice: seed=b7eea1c56ab7cb54b320217ac1618e898259685b40c0aa60fb81512ef5f88bb51e0eabb680ab0707cd7fdd9880fc240d052603b54dd7cd1dc89082dab5a1e511 address=tb1qalanerzcs4gy7elv3qjvkcea4ems0p8a3zue6q balance=29493sat
bob: seed=507c512dccc203d2dff382f77e84e9e329c1561c59c8fcbaf2707ff99fd7935704905ba8a69b3aa60f990a8daaf08400d955d4cb5c66696089985d40d52ef527 address=tb1q3q4aty49gdp3t2wa7yurxhxfkats3yhkt3ke65 balance=25000sat
charlie: seed=d0a8ebff18145a9888b134d26adf441ca88eb59364a2fa29ac8a4de7da040b4d24ad733205b5d96c62c091dd3b6397563f4f6b4e7e86c20cd1ebe69046022cb2 address=tb1qd6ejyul2jp2lmtflsp3jk4fpez4eudat23ftm0 balance=9661sat

=== Seed Backup: 2025-12-24 13:28:07 ===
alice: seed=b7eea1c56ab7cb54b320217ac1618e898259685b40c0aa60fb81512ef5f88bb51e0eabb680ab0707cd7fdd9880fc240d052603b54dd7cd1dc89082dab5a1e511 address=tb1qelmzc03gxsky34hu52lmdvuktrzwm3d70vwljc balance=29493sat
bob: seed=507c512dccc203d2dff382f77e84e9e329c1561c59c8fcbaf2707ff99fd7935704905ba8a69b3aa60f990a8daaf08400d955d4cb5c66696089985d40d52ef527 address=tb1qrddcmxp3p6q4hnlfnvxfg6eq75s0f0uw5a9ktp balance=25000sat
charlie: seed=d0a8ebff18145a9888b134d26adf441ca88eb59364a2fa29ac8a4de7da040b4d24ad733205b5d96c62c091dd3b6397563f4f6b4e7e86c20cd1ebe69046022cb2 address=tb1qtte3vmj9j6lr8c6x3snpa7uyjk0eqznnedr24m balance=9661sat

=== Seed Backup: 2025-12-24 17:52:30 ===
alice: seed=b7eea1c56ab7cb54b320217ac1618e898259685b40c0aa60fb81512ef5f88bb51e0eabb680ab0707cd7fdd9880fc240d052603b54dd7cd1dc89082dab5a1e511 address=tb1qufs4mtcn7j3s0zuc5tjkvfc494cqwuljpzz2sa balance=29493sat
bob: seed=507c512dccc203d2dff382f77e84e9e329c1561c59c8fcbaf2707ff99fd7935704905ba8a69b3aa60f990a8daaf08400d955d4cb5c66696089985d40d52ef527 address=tb1q9hf8ssx2u0yj8kcvsm63ndx0ct8yv06vddyc5y balance=25000sat
charlie: seed=d0a8ebff18145a9888b134d26adf441ca88eb59364a2fa29ac8a4de7da040b4d24ad733205b5d96c62c091dd3b6397563f4f6b4e7e86c20cd1ebe69046022cb2 address=tb1qmws4a0ff3653wczveudttsehn0manzuc2x8zqk balance=9661sat

=== Seed Backup: 2025-12-24 18:27:48 ===
alice: seed=b7eea1c56ab7cb54b320217ac1618e898259685b40c0aa60fb81512ef5f88bb51e0eabb680ab0707cd7fdd9880fc240d052603b54dd7cd1dc89082dab5a1e511 address=tb1qmnu6uemu0zfn5jp74ch6rsh8ccrkfed3730d6w balance=29493sat
bob: seed=507c512dccc203d2dff382f77e84e9e329c1561c59c8fcbaf2707ff99fd7935704905ba8a69b3aa60f990a8daaf08400d955d4cb5c66696089985d40d52ef527 address=tb1qrzwstsvx0tarfj0k307xg2ulejpd387p7n0et6 balance=25000sat
charlie: seed=d0a8ebff18145a9888b134d26adf441ca88eb59364a2fa29ac8a4de7da040b4d24ad733205b5d96c62c091dd3b6397563f4f6b4e7e86c20cd1ebe69046022cb2 address=tb1qrr6xnuhqmyg2jhftxnerh33clw9hp94a2a64fl balance=9661sat

=== Seed Backup: 2025-12-24 19:58:19 ===
alice: seed=b7eea1c56ab7cb54b320217ac1618e898259685b40c0aa60fb81512ef5f88bb51e0eabb680ab0707cd7fdd9880fc240d052603b54dd7cd1dc89082dab5a1e511 address=tb1qyhw9j8v52nrlvyfxwepjdkqdcptqznh98vgqn6 balance=29493sat
bob: seed=507c512dccc203d2dff382f77e84e9e329c1561c59c8fcbaf2707ff99fd7935704905ba8a69b3aa60f990a8daaf08400d955d4cb5c66696089985d40d52ef527 address=tb1qxlk80vntg3mxajz0wm8puf40pa6pamq5wrluwc balance=25000sat
charlie: seed=d0a8ebff18145a9888b134d26adf441ca88eb59364a2fa29ac8a4de7da040b4d24ad733205b5d96c62c091dd3b6397563f4f6b4e7e86c20cd1ebe69046022cb2 address=tb1qn653glwkzxjeq86t6phpyaepkt3xvstpdqxup0 balance=9661sat

=== Seed Backup: 2025-12-24 20:26:13 ===
alice: seed=b7eea1c56ab7cb54b320217ac1618e898259685b40c0aa60fb81512ef5f88bb51e0eabb680ab0707cd7fdd9880fc240d052603b54dd7cd1dc89082dab5a1e511 address=tb1qktgp9d8p3vau5jlquw03qfpnuch7gend8j8e43 balance=29493sat
bob: seed=507c512dccc203d2dff382f77e84e9e329c1561c59c8fcbaf2707ff99fd7935704905ba8a69b3aa60f990a8daaf08400d955d4cb5c66696089985d40d52ef527 address=tb1qhhz23mngjvj94gd6d0dcun8agynm4vktsfv9y9 balance=25000sat
charlie: seed=d0a8ebff18145a9888b134d26adf441ca88eb59364a2fa29ac8a4de7da040b4d24ad733205b5d96c62c091dd3b6397563f4f6b4e7e86c20cd1ebe69046022cb2 address=tb1qugtj78q7h6jv0s2vtpnj35he7qjh3e48w2u0fa balance=9661sat

=== Seed Backup: 2025-12-24 21:03:29 ===
alice: seed=b7eea1c56ab7cb54b320217ac1618e898259685b40c0aa60fb81512ef5f88bb51e0eabb680ab0707cd7fdd9880fc240d052603b54dd7cd1dc89082dab5a1e511 address=tb1q99zj78p9xhnyjpz6fexe2kv5ds63vcjg8kpext balance=29493sat
bob: seed=507c512dccc203d2dff382f77e84e9e329c1561c59c8fcbaf2707ff99fd7935704905ba8a69b3aa60f990a8daaf08400d955d4cb5c66696089985d40d52ef527 address=tb1qdlp8eharlrssk4s43qwa0axcm3ev5aduchy3yr balance=25000sat
charlie: seed=d0a8ebff18145a9888b134d26adf441ca88eb59364a2fa29ac8a4de7da040b4d24ad733205b5d96c62c091dd3b6397563f4f6b4e7e86c20cd1ebe69046022cb2 address=tb1qlaj092faafjzawp8zfq4ml4jx2a8306y5lw56c balance=9661sat

=== Seed Backup: 2025-12-24 21:31:09 ===
alice: seed=b7eea1c56ab7cb54b320217ac1618e898259685b40c0aa60fb81512ef5f88bb51e0eabb680ab0707cd7fdd9880fc240d052603b54dd7cd1dc89082dab5a1e511 address=tb1q5eg02vrh6jaxpnw7sr3y4rmdnwln85gz4u5rv6 balance=29493sat
bob: seed=507c512dccc203d2dff382f77e84e9e329c1561c59c8fcbaf2707ff99fd7935704905ba8a69b3aa60f990a8daaf08400d955d4cb5c66696089985d40d52ef527 address=tb1qvzmtsquz00a9x4ecghwff7lxstpfpgghval26m balance=25000sat
charlie: seed=d0a8ebff18145a9888b134d26adf441ca88eb59364a2fa29ac8a4de7da040b4d24ad733205b5d96c62c091dd3b6397563f4f6b4e7e86c20cd1ebe69046022cb2 address=tb1q66t88hd42cc63uelhr5wmnk346pqwr4fgx6y28 balance=9661sat

=== Seed Backup: 2025-12-24 22:02:01 ===
alice: seed=b7eea1c56ab7cb54b320217ac1618e898259685b40c0aa60fb81512ef5f88bb51e0eabb680ab0707cd7fdd9880fc240d052603b54dd7cd1dc89082dab5a1e511 address=tb1qtqtewrhch609zfe6ruhde5vntzqhdkez8zh3pn balance=24259sat
bob: seed=507c512dccc203d2dff382f77e84e9e329c1561c59c8fcbaf2707ff99fd7935704905ba8a69b3aa60f990a8daaf08400d955d4cb5c66696089985d40d52ef527 address=tb1qej9kl9snncmdm97aas4aqy687wxdq50jjlledl balance=25000sat
charlie: seed=d0a8ebff18145a9888b134d26adf441ca88eb59364a2fa29ac8a4de7da040b4d24ad733205b5d96c62c091dd3b6397563f4f6b4e7e86c20cd1ebe69046022cb2 address=tb1q62zhke726dexuksu3ah9amzf9pqzf7dyqghf65 balance=9661sat

=== Seed Backup: 2025-12-24 22:26:55 ===
alice: seed=b7eea1c56ab7cb54b320217ac1618e898259685b40c0aa60fb81512ef5f88bb51e0eabb680ab0707cd7fdd9880fc240d052603b54dd7cd1dc89082dab5a1e511 address=tb1qwjdlanjqa4ee9rq64l82cm8w02zd35k40zxzcl balance=357sat
bob: seed=507c512dccc203d2dff382f77e84e9e329c1561c59c8fcbaf2707ff99fd7935704905ba8a69b3aa60f990a8daaf08400d955d4cb5c66696089985d40d52ef527 address=tb1qwjcvknxfd2wtn3arzevg7x4rhqz0xtsd6mk02v balance=0sat
charlie: seed=d0a8ebff18145a9888b134d26adf441ca88eb59364a2fa29ac8a4de7da040b4d24ad733205b5d96c62c091dd3b6397563f4f6b4e7e86c20cd1ebe69046022cb2 address=tb1qmhfd485rqpma2tsl99zrqdnapzd0lvyaz80jql balance=0sat

=== Seed Backup: 2025-12-24 22:27:43 ===
alice: seed=b7eea1c56ab7cb54b320217ac1618e898259685b40c0aa60fb81512ef5f88bb51e0eabb680ab0707cd7fdd9880fc240d052603b54dd7cd1dc89082dab5a1e511 address=tb1qgm2uv92a3swtrlgv4jvazy66qdtmpyafet94x4 balance=357sat
bob: seed=507c512dccc203d2dff382f77e84e9e329c1561c59c8fcbaf2707ff99fd7935704905ba8a69b3aa60f990a8daaf08400d955d4cb5c66696089985d40d52ef527 address=tb1quan7wqjzktwlg8t2e65wyq8hz3xsjueya7pqlt balance=0sat
charlie: seed=d0a8ebff18145a9888b134d26adf441ca88eb59364a2fa29ac8a4de7da040b4d24ad733205b5d96c62c091dd3b6397563f4f6b4e7e86c20cd1ebe69046022cb2 address=tb1q3w39wg3lu3rrf90tyfa0vnnagxq934ycmzs8nm balance=0sat

=== Seed Backup: 2025-12-24 22:31:49 ===
alice: seed=b7eea1c56ab7cb54b320217ac1618e898259685b40c0aa60fb81512ef5f88bb51e0eabb680ab0707cd7fdd9880fc240d052603b54dd7cd1dc89082dab5a1e511 address=tb1qtrpajg0s62qxz9tesvhqqx406w2f8ckhfqgul4 balance=50357sat
bob: seed=507c512dccc203d2dff382f77e84e9e329c1561c59c8fcbaf2707ff99fd7935704905ba8a69b3aa60f990a8daaf08400d955d4cb5c66696089985d40d52ef527 address=tb1q9wg2vgfqag096a43e9vng3tn5hfvfakggvl0ff balance=0sat
charlie: seed=d0a8ebff18145a9888b134d26adf441ca88eb59364a2fa29ac8a4de7da040b4d24ad733205b5d96c62c091dd3b6397563f4f6b4e7e86c20cd1ebe69046022cb2 address=tb1q03xazp3jknjvykxeeqyq54pfe0893e7jpt6sym balance=50000sat

=== Seed Backup: 2025-12-24 22:35:36 ===
alice: seed=b7eea1c56ab7cb54b320217ac1618e898259685b40c0aa60fb81512ef5f88bb51e0eabb680ab0707cd7fdd9880fc240d052603b54dd7cd1dc89082dab5a1e511 address=tb1qs0wjjy0ydr8gkpt3q2lmmxrkzpnelyu8muul72 balance=50357sat
bob: seed=507c512dccc203d2dff382f77e84e9e329c1561c59c8fcbaf2707ff99fd7935704905ba8a69b3aa60f990a8daaf08400d955d4cb5c66696089985d40d52ef527 address=tb1qdet2sd2622wd3q7fp8xry7g26cemesgp9fnd4f balance=0sat
charlie: seed=d0a8ebff18145a9888b134d26adf441ca88eb59364a2fa29ac8a4de7da040b4d24ad733205b5d96c62c091dd3b6397563f4f6b4e7e86c20cd1ebe69046022cb2 address=tb1qucufavtfdvrp2q2qa6ykklrlx0k7edztp0fnm6 balance=50000sat

=== Seed Backup: 2025-12-24 22:37:09 ===
alice: seed=b7eea1c56ab7cb54b320217ac1618e898259685b40c0aa60fb81512ef5f88bb51e0eabb680ab0707cd7fdd9880fc240d052603b54dd7cd1dc89082dab5a1e511 address=tb1qp8ytp689839d9f4rn3hpaly67wfxud5ud4s4ve balance=50357sat
bob: seed=507c512dccc203d2dff382f77e84e9e329c1561c59c8fcbaf2707ff99fd7935704905ba8a69b3aa60f990a8daaf08400d955d4cb5c66696089985d40d52ef527 address=tb1qpcgvm5aazfwxscxruxztx3ts8y6ma9rv2vye3k balance=0sat
charlie: seed=d0a8ebff18145a9888b134d26adf441ca88eb59364a2fa29ac8a4de7da040b4d24ad733205b5d96c62c091dd3b6397563f4f6b4e7e86c20cd1ebe69046022cb2 address=tb1qgpxk880umkrpvr6fzwwd6s27zqhy0ppm5ku7p5 balance=50000sat

=== Seed Backup: 2025-12-24 22:37:54 ===
alice: seed=b7eea1c56ab7cb54b320217ac1618e898259685b40c0aa60fb81512ef5f88bb51e0eabb680ab0707cd7fdd9880fc240d052603b54dd7cd1dc89082dab5a1e511 address=tb1q74lwzsnpquf0glzfl762keykgm9wn2pcpha0qs balance=50357sat
bob: seed=507c512dccc203d2dff382f77e84e9e329c1561c59c8fcbaf2707ff99fd7935704905ba8a69b3aa60f990a8daaf08400d955d4cb5c66696089985d40d52ef527 address=tb1qmc45prsp8feu9e65c0a7aarzsv2tmwstx3nm0p balance=25000sat
charlie: seed=d0a8ebff18145a9888b134d26adf441ca88eb59364a2fa29ac8a4de7da040b4d24ad733205b5d96c62c091dd3b6397563f4f6b4e7e86c20cd1ebe69046022cb2 address=tb1qfezqx9y9y5xcvrfxyzg7mqr94wcwma98v0vx69 balance=50000sat

=== Seed Backup: 2025-12-24 22:47:57 ===
alice: seed=b7eea1c56ab7cb54b320217ac1618e898259685b40c0aa60fb81512ef5f88bb51e0eabb680ab0707cd7fdd9880fc240d052603b54dd7cd1dc89082dab5a1e511 address=tb1qmhfuwrq7hvu7pjn0lryk4kvr2j8g73q94ql7t0 balance=45132sat
bob: seed=507c512dccc203d2dff382f77e84e9e329c1561c59c8fcbaf2707ff99fd7935704905ba8a69b3aa60f990a8daaf08400d955d4cb5c66696089985d40d52ef527 address=tb1qj9vd57av83x8t5u8akdd2zn275kfax2rr6r6r8 balance=25000sat
charlie: seed=d0a8ebff18145a9888b134d26adf441ca88eb59364a2fa29ac8a4de7da040b4d24ad733205b5d96c62c091dd3b6397563f4f6b4e7e86c20cd1ebe69046022cb2 address=tb1q39dequeq9at9cgfwqksn65yeln9sfnemjjjc89 balance=50000sat

=== Seed Backup: 2025-12-24 23:36:19 ===
alice: seed=03d5f57670ec6235ffb4083a5e02c98f3a709b802d52cb37d6f317890592f9e5365f068fe43777275d4e5e33ba53087dfdfa1f6f8bb5f5e934f2bbd775b11768 address=tb1qe3dxm9c0t3y78t45gmxfgpt3fu2kqgzmezc5v9 balance=0sat
bob: seed=c948094fc45c0402de64dbd82bdfc52598a834339e2940d567218bc474277ffb428286a390aee58ceb881418a0ecc9899c3109ef1b571f17358fea9e18eb0f58 address=tb1qsczaprwg7vf50ka307ssn530xz9gyjd3uuu4d5 balance=0sat
charlie: seed=2fbea0b1d3105722b723d7d5d653ec9c4dfd5c068755b0c0ecf615fd204803bb89d3f8effa8f62ca1dcbd55bbda917e52caa245083e330b440dce2d65275c0c3 address=tb1q3ahq7j6fvj47guyx5663v4d5phr3uvc5qvnu4p balance=0sat

=== Seed Backup: 2025-12-24 23:36:22 ===
alice: seed=03d5f57670ec6235ffb4083a5e02c98f3a709b802d52cb37d6f317890592f9e5365f068fe43777275d4e5e33ba53087dfdfa1f6f8bb5f5e934f2bbd775b11768 address=tb1q2quur6eduy7mnazzn4p65g3y5aplxsr2fzxgju balance=0sat
bob: seed=c948094fc45c0402de64dbd82bdfc52598a834339e2940d567218bc474277ffb428286a390aee58ceb881418a0ecc9899c3109ef1b571f17358fea9e18eb0f58 address=tb1qqvgy08k2e0zxldlgd958jxaeseae9us834m5ak balance=0sat
charlie: seed=2fbea0b1d3105722b723d7d5d653ec9c4dfd5c068755b0c0ecf615fd204803bb89d3f8effa8f62ca1dcbd55bbda917e52caa245083e330b440dce2d65275c0c3 address=tb1qq3yaymm8j0flsjqt99j6legm87esdl40afjds7 balance=0sat

=== Seed Backup: 2025-12-24 23:44:27 ===
alice: seed=03d5f57670ec6235ffb4083a5e02c98f3a709b802d52cb37d6f317890592f9e5365f068fe43777275d4e5e33ba53087dfdfa1f6f8bb5f5e934f2bbd775b11768 address=tb1qaz202jyadh6u6j33tlvvct0gtxvfyh0tju5wyl balance=19838sat
bob: seed=c948094fc45c0402de64dbd82bdfc52598a834339e2940d567218bc474277ffb428286a390aee58ceb881418a0ecc9899c3109ef1b571f17358fea9e18eb0f58 address=tb1q6mueh03qm6f5xhryusv282p9969w404wnqsl7f balance=19838sat
charlie: seed=2fbea0b1d3105722b723d7d5d653ec9c4dfd5c068755b0c0ecf615fd204803bb89d3f8effa8f62ca1dcbd55bbda917e52caa245083e330b440dce2d65275c0c3 address=tb1q479kak6p0xxpjq7uw6xt2q3aez02frvkaqkdlu balance=25000sat

=== Seed Backup: 2025-12-25 00:06:14 ===
alice: seed=472079c094a497db49e0b06ff629410aac4b6e763e415d7dc5bf2c28aecc518604bf938189802d30856a8e16b994b7f3e14067872e4894023231f64982cd0546 address=tb1qh6fhgm9c3uhr7gsjjtfu5rjtl64jar5v0a6v79 balance=0sat
bob: seed=0ee93e00f63b31eb27997f55f912a153275dec4d559c4c65da82309a366050dbc2d37b4e49983b6c853d8b616b30a341aa19a4f49aa9ea66cd1de0b66432677f address=tb1qjpv69wn7ysv088vfgym5xlymdt30vmv5wdp0sg balance=0sat
charlie: seed=0db7fc44ddd6c20d6b25e3616f5a67bb2537d78a11fb9a5daa75db7987d8e6f0f0c372d4ea23a872c4c5e964526d1994549cfd6d819f41e63296d96574eab0fe address=tb1qywdqkm2ca7h33t8vkwk5rlquhc7d2v4lq3kcvq balance=0sat

=== Seed Backup: 2025-12-25 00:21:58 ===
alice: seed=472079c094a497db49e0b06ff629410aac4b6e763e415d7dc5bf2c28aecc518604bf938189802d30856a8e16b994b7f3e14067872e4894023231f64982cd0546 address=tb1qqxqy63qy86zrvjzvjxx6w5d8jljc49w38zhx2h balance=19838sat
bob: seed=0ee93e00f63b31eb27997f55f912a153275dec4d559c4c65da82309a366050dbc2d37b4e49983b6c853d8b616b30a341aa19a4f49aa9ea66cd1de0b66432677f address=tb1qffu7jehrc2pnh3fu20m7dm5fdcsgftm36za8sj balance=25000sat
charlie: seed=0db7fc44ddd6c20d6b25e3616f5a67bb2537d78a11fb9a5daa75db7987d8e6f0f0c372d4ea23a872c4c5e964526d1994549cfd6d819f41e63296d96574eab0fe address=tb1q2hz7yely54ha9hl4yl8ajt97hlrjmd335pa37z balance=19838sat

=== Seed Backup: 2025-12-25 00:54:33 ===
alice: seed=8d83e9cc2bdc9a14cfbd6d9f39ff599c7756325263b39666983f724dcd0cba36a18a084c37db03875e60fc3eb492dfc45a6b9ed902d63ceef19fc1499c4cec62 address=tb1qn3wr46yn3ft7awpru77zzdu4a0xnqf6a4q9crt balance=0sat
bob: seed=649bc6f9756518b548c9c1fb28de4977f281db7d714c06af95cee21204703475462ab1d04b049a8a7bd54bd5a977b3386986e21f0c08a6ef8103fd7132ea296a address=tb1ql63nd4fp3klqsuz09gxf58j8vqulj8amyaxa9v balance=0sat
charlie: seed=22b75ce17f0e96f1f3e60f4bf1143e24f482ef823791d6891b3fd2b7f1e2898fe5780e77fe627ab4908933b82059417cd6462a67eda7f6436f253b748d96ad32 address=tb1qrwv92negqt435ale834a7a7q8stfje65fkmpfu balance=0sat

=== Seed Backup: 2025-12-25 01:22:56 ===
alice: seed=8d83e9cc2bdc9a14cfbd6d9f39ff599c7756325263b39666983f724dcd0cba36a18a084c37db03875e60fc3eb492dfc45a6b9ed902d63ceef19fc1499c4cec62 address=tb1qcrh53m5pcht3cy07z2gs8urqenpfpxvd8d09vs balance=25000sat
bob: seed=649bc6f9756518b548c9c1fb28de4977f281db7d714c06af95cee21204703475462ab1d04b049a8a7bd54bd5a977b3386986e21f0c08a6ef8103fd7132ea296a address=tb1qfxq4z53hwz2d9uzq4a83kmmkzekezlt2zmqvs4 balance=19844sat
charlie: seed=22b75ce17f0e96f1f3e60f4bf1143e24f482ef823791d6891b3fd2b7f1e2898fe5780e77fe627ab4908933b82059417cd6462a67eda7f6436f253b748d96ad32 address=tb1qhnqwyhr0s4yx8fatzkuenpf3w7zhlae4mrhx7c balance=19844sat

=== Seed Backup: 2025-12-25 01:39:50 ===
alice: seed=752349bf80d2892a22c858ab41c6f0d9955c270c220ae2b7122d442aabd0424da3a32213020117acde78a8f9f6d4e958544f63e781198399210f0d97d881c876 address=tb1qgw554f2tfx6mx4dyrljqru5a0aquppa0wfzuzp balance=0sat
bob: seed=f0bbd1a4fa4e70b502b192799a1ffffdfc17b97e1afb8b4d3de724916f0944f21af998177da153896ca123874acc0d9dcd5f8c6286dc046ceec6cc772f110c29 address=tb1qzuapdncm4scy5yualtupna3e8wrnqagyd7m0e2 balance=0sat
charlie: seed=ae26d4c763bdc0a3307542f33697e0d015336c9a32f6d9b140213b26bb7dea81f2c0ae7f8ad7b49054ae7611416126da182883608bd0c184b4ea9987a1d07f33 address=tb1q89h7kz6ft32snhv5gpak0dm634hvdz9eawttnh balance=0sat

=== Seed Backup: 2025-12-25 02:37:36 ===
alice: seed=752349bf80d2892a22c858ab41c6f0d9955c270c220ae2b7122d442aabd0424da3a32213020117acde78a8f9f6d4e958544f63e781198399210f0d97d881c876 address=tb1qcxv4skk0fpc7748fnldlr6pjpc9t9lzkx24vxn balance=25000sat
bob: seed=f0bbd1a4fa4e70b502b192799a1ffffdfc17b97e1afb8b4d3de724916f0944f21af998177da153896ca123874acc0d9dcd5f8c6286dc046ceec6cc772f110c29 address=tb1qdf3e7djlpjjemuq2d53swx5savq2m9djtd829n balance=19838sat
charlie: seed=ae26d4c763bdc0a3307542f33697e0d015336c9a32f6d9b140213b26bb7dea81f2c0ae7f8ad7b49054ae7611416126da182883608bd0c184b4ea9987a1d07f33 address=tb1qsnprcg02y932act5l5aen3trk0hh0pq2dp4w0t balance=19838sat

=== Seed Backup: 2025-12-25 02:53:32 ===
alice: seed=2805a0a74920a4472641f818d39f9277bf3f13ec513e27866e273ae86f90f7fe19922df5b847af01257963d8bdc996fd16b18b98e696fb1dbfb345f907b9aff2 address=tb1qk46g3m7xpktfhyq3qlsns55udevfr0c8t2k45z balance=0sat
bob: seed=a1daf706b683b0f9d0defd9ca7fbf2b51071922900d737711c9c38c88d4008a62577ef0670f2c44b38cbdcddfe8910c3cd01b5eafe70895d00c9447b81c48067 address=tb1qcn5effey3nmvhm887tz482kwhgqygz9qp5h8ul balance=0sat
charlie: seed=57705350123885ac2e8ff713025e1dd9c89b9deaf1a4b64b857111610da11a53c855f3405cc749974e5ed073f882cc2c34637a9599947e206b5407c28dcc25fd address=tb1qvg0eve4kptq79puzeays75j7rm94kyrvx4d7lv balance=0sat

=== Seed Backup: 2025-12-25 03:07:44 ===
alice: seed=2805a0a74920a4472641f818d39f9277bf3f13ec513e27866e273ae86f90f7fe19922df5b847af01257963d8bdc996fd16b18b98e696fb1dbfb345f907b9aff2 address=tb1qpnu0jjw3c3gl5caw3h4aak4xvmylk2n49x748w balance=19844sat
bob: seed=a1daf706b683b0f9d0defd9ca7fbf2b51071922900d737711c9c38c88d4008a62577ef0670f2c44b38cbdcddfe8910c3cd01b5eafe70895d00c9447b81c48067 address=tb1q6gj8nga4l66wpymedut5gq543298d5lw0yecwz balance=25000sat
charlie: seed=57705350123885ac2e8ff713025e1dd9c89b9deaf1a4b64b857111610da11a53c855f3405cc749974e5ed073f882cc2c34637a9599947e206b5407c28dcc25fd address=tb1qdcrxhfv6jhgjhrwza478jn7xjl9mfpgyqpshyg balance=19844sat

=== Seed Backup: 2025-12-25 03:15:54 ===
alice: seed=2805a0a74920a4472641f818d39f9277bf3f13ec513e27866e273ae86f90f7fe19922df5b847af01257963d8bdc996fd16b18b98e696fb1dbfb345f907b9aff2 address=tb1qjj6pja4v2sh4vuwe2hc97crxxpyjf7wn359a8p balance=14682sat
bob: seed=a1daf706b683b0f9d0defd9ca7fbf2b51071922900d737711c9c38c88d4008a62577ef0670f2c44b38cbdcddfe8910c3cd01b5eafe70895d00c9447b81c48067 address=tb1qhwne5da2dkd2lsf6jdr6tld85xreh2zya352zz balance=29769sat
charlie: seed=57705350123885ac2e8ff713025e1dd9c89b9deaf1a4b64b857111610da11a53c855f3405cc749974e5ed073f882cc2c34637a9599947e206b5407c28dcc25fd address=tb1qrheydsl4cd84w8cl346kgmwdgnn3lz2k857m6q balance=14682sat

=== Seed Backup: 2025-12-25 11:24:08 ===
alice: seed=2805a0a74920a4472641f818d39f9277bf3f13ec513e27866e273ae86f90f7fe19922df5b847af01257963d8bdc996fd16b18b98e696fb1dbfb345f907b9aff2 address=tb1q7n0375cuymr2vqnt27ga6wqgms05zwjjulzz3k balance=18305sat
bob: seed=a1daf706b683b0f9d0defd9ca7fbf2b51071922900d737711c9c38c88d4008a62577ef0670f2c44b38cbdcddfe8910c3cd01b5eafe70895d00c9447b81c48067 address=tb1qns3wlxpy5nhqtv6v05crtuc56zx5ahhcfyytvn balance=29220sat
charlie: seed=57705350123885ac2e8ff713025e1dd9c89b9deaf1a4b64b857111610da11a53c855f3405cc749974e5ed073f882cc2c34637a9599947e206b5407c28dcc25fd address=tb1qau49c7gnz4l5dg6wmqx0nhfvt9khuvj9l6tvla balance=18301sat
[2025-12-25 11:25:10] RESTORE alice: seed=2805a0a74920a4472641f818d39f9277bf3f13ec513e27866e273ae86f90f7fe19922df5b847af01257963d8bdc996fd16b18b98e696fb1dbfb345f907b9aff2
[2025-12-25 11:25:10] RESTORE bob: seed=a1daf706b683b0f9d0defd9ca7fbf2b51071922900d737711c9c38c88d4008a62577ef0670f2c44b38cbdcddfe8910c3cd01b5eafe70895d00c9447b81c48067
[2025-12-25 11:25:11] RESTORE charlie: seed=57705350123885ac2e8ff713025e1dd9c89b9deaf1a4b64b857111610da11a53c855f3405cc749974e5ed073f882cc2c34637a9599947e206b5407c28dcc25fd

=== Seed Backup: 2025-12-25 11:26:56 ===
alice: seed=779411ccb9726d73dd237a69bda54b82b378a18e89d79af254c98145333b6cc84cb73054c8a6700678e9d5979167696346e3966bb31d354053cc8f23b00e3773 address=tb1qls035g62yevnxz54h6awp3fspk6z60vv6d6q6z balance=0sat
bob: seed=8b7f8e5e7f1c61e7ae8f7de3ce6d0365d0a477e7ae98115d019c35d42e31b12b325ce2565547b0c1c88f51564f4bfc4d81f69b99348f61b0c75309b9b6a4ce57 address=tb1q9t32aardaslhle25dh6mupsfcgffzzgwv03nkl balance=0sat
charlie: seed=c5407dbd2e873c23048d7953747d44e3088c8744b62816ea8e3b7451b9e35514b28ad3cccbb365d290e4fbe1759d0026f8ce762afda30289148dc0cc86aa29e4 address=tb1qu6aph0n95vfw4qut8c0a4ygluyx58ajwry8u2m balance=0sat

=== Seed Backup: 2025-12-25 11:27:01 ===
alice: seed=779411ccb9726d73dd237a69bda54b82b378a18e89d79af254c98145333b6cc84cb73054c8a6700678e9d5979167696346e3966bb31d354053cc8f23b00e3773 address=tb1q7hlcge80m3je0amzvnr5lk6pw48cg24h8c4pu3 balance=0sat
bob: seed=8b7f8e5e7f1c61e7ae8f7de3ce6d0365d0a477e7ae98115d019c35d42e31b12b325ce2565547b0c1c88f51564f4bfc4d81f69b99348f61b0c75309b9b6a4ce57 address=tb1qrcau44e9x9q0wapqar082f203yqcc799nkxdr6 balance=0sat
charlie: seed=c5407dbd2e873c23048d7953747d44e3088c8744b62816ea8e3b7451b9e35514b28ad3cccbb365d290e4fbe1759d0026f8ce762afda30289148dc0cc86aa29e4 address=tb1qyda7jxes3mfuv00zntl0uta50ffxxkx2q4k3c0 balance=0sat

=== Seed Backup: 2025-12-25 12:47:05 ===
alice: seed=779411ccb9726d73dd237a69bda54b82b378a18e89d79af254c98145333b6cc84cb73054c8a6700678e9d5979167696346e3966bb31d354053cc8f23b00e3773 address=tb1qlsvmwjfah5larjruttespez5ztddpdvrqhgzs3 balance=16818sat
bob: seed=8b7f8e5e7f1c61e7ae8f7de3ce6d0365d0a477e7ae98115d019c35d42e31b12b325ce2565547b0c1c88f51564f4bfc4d81f69b99348f61b0c75309b9b6a4ce57 address=tb1qhcqaw8p9367dcud7jv8th65lujljteamw3lfrm balance=25000sat
charlie: seed=c5407dbd2e873c23048d7953747d44e3088c8744b62816ea8e3b7451b9e35514b28ad3cccbb365d290e4fbe1759d0026f8ce762afda30289148dc0cc86aa29e4 address=tb1qsuk3dfr9wgln2zzt4uf3480t65sqdzkqjfsmpd balance=11636sat
